Command: HERMES_TEST_FILE_RETRIES=0 scripts/run_tests.sh tests/plugins/rhythm --tb=short
▶ running per-file parallel test suite via run_tests_parallel.py
  (TZ=UTC LANG=C.UTF-8 PYTHONHASHSEED=0; clean env)
▶ pre-compiling bytecode cache
▶ launching test runner
Discovered 11 test files (~175 tests) under ['tests/plugins/rhythm']; running with -j 24
[  1.7% |     3/~175 | ✓3 | ✗0] ✓ tests/plugins/rhythm/test_rhythm_install_local.py (3✓, 9.0s)
[  3.4% |     6/~175 | ✓6 | ✗0] ✓ tests/plugins/rhythm/test_rhythm_m7_contract.py (3✓, 9.5s)
[  5.7% |    10/~175 | ✓10 | ✗ 0] ✓ tests/plugins/rhythm/test_rhythm_mounted_oauth.py (4✓, 11.5s)
[  8.6% |    15/~175 | ✓15 | ✗ 0] ✓ tests/plugins/rhythm/test_rhythm_dashboard_theme.py (5✓, 13.0s)
[ 12.6% |    22/~175 | ✓24 | ✗ 0] ✓ tests/plugins/rhythm/test_rhythm_issue_10_contract.py (9✓, 16.0s)
[ 15.4% |    27/~175 | ✓27 | ✗ 2] ✗ tests/plugins/rhythm/test_rhythm_m10_cutover.py (3✓ 2✗, 20.4s)

  ╔╍ Failed: tests/plugins/rhythm/test_rhythm_m10_cutover.py ╍╍╍╍╍╍╍╍╍╍╍╍╍╍╍╍╍╍╍╍╍╍╍╍╍╍╍╍╍╍╍╍╍╍╍╍╍╍╍╍╍╍╍╍╍╍╍╍╍
  ║ configfile: pyproject.toml
  ║ plugins: anyio-4.12.1, asyncio-1.3.0
  ║ asyncio: mode=Mode.STRICT, debug=False, asyncio_default_fixture_loop_scope=None, asyncio_default_test_loop_scope=function
  ║ collected 5 items
  ║ 
  ║ tests/plugins/rhythm/test_rhythm_m10_cutover.py FF...                    [100%]
  ║ 
  ║ =================================== FAILURES ===================================
  ║ _ test_issue_14_c1_final_fixture_cutover_exercises_every_approved_destination_and_only_three_tools _
  ║ tests/plugins/rhythm/test_rhythm_m10_cutover.py:24: in test_issue_14_c1_final_fixture_cutover_exercises_every_approved_destination_and_only_three_tools
  ║     ledger = run_fixture_cutover(REPO_ROOT, tmp_path / "hermes-home" / "profiles" / "m10")
  ║              ^^^^^^^^^^^^^^^^^^^^^^^^^^^^^^^^^^^^^^^^^^^^^^^^^^^^^^^^^^^^^^^^^^^^^^^^^^^^^
  ║ plugins/rhythm/packaging/cutover.py:254: in run_fixture_cutover
  ║     validate_cutover_ledger(ledger)
  ║ plugins/rhythm/packaging/cutover.py:179: in validate_cutover_ledger
  ║     raise CutoverError("performance budget exceeded")
  ║ E   plugins.rhythm.packaging.cutover.CutoverError: performance budget exceeded
  ║ _ test_issue_14_c2_ledger_rejects_missing_proof_secret_leaks_or_unapproved_writes _
  ║ tests/plugins/rhythm/test_rhythm_m10_cutover.py:44: in test_issue_14_c2_ledger_rejects_missing_proof_secret_leaks_or_unapproved_writes
  ║     ledger = run_fixture_cutover(REPO_ROOT, tmp_path / "hermes-home" / "profiles" / "m10b")
  ║              ^^^^^^^^^^^^^^^^^^^^^^^^^^^^^^^^^^^^^^^^^^^^^^^^^^^^^^^^^^^^^^^^^^^^^^^^^^^^^^
  ║ plugins/rhythm/packaging/cutover.py:254: in run_fixture_cutover
  ║     validate_cutover_ledger(ledger)
  ║ plugins/rhythm/packaging/cutover.py:179: in validate_cutover_ledger
  ║     raise CutoverError("performance budget exceeded")
  ║ E   plugins.rhythm.packaging.cutover.CutoverError: performance budget exceeded
  ║ =========================== short test summary info ============================
  ║ FAILED tests/plugins/rhythm/test_rhythm_m10_cutover.py::test_issue_14_c1_final_fixture_cutover_exercises_every_approved_destination_and_only_three_tools
  ║ FAILED tests/plugins/rhythm/test_rhythm_m10_cutover.py::test_issue_14_c2_ledger_rejects_missing_proof_secret_leaks_or_unapproved_writes
  ║ ========================= 2 failed, 3 passed in 18.81s =========================
  ║
  ║  Repro: python -m pytest tests/plugins/rhythm/test_rhythm_m10_cutover.py --tb=short
  ╚╍╍╍╍╍╍╍╍╍╍╍╍╍╍╍╍╍╍╍╍╍╍╍╍╍╍╍╍╍╍╍╍╍╍╍╍╍╍╍╍╍╍╍╍╍╍╍╍╍╍╍╍╍╍╍╍╍╍╍╍╍╍╍╍╍╍╍╍╍╍╍

[ 20.6% |    36/~175 | ✓45 | ✗ 2] ✓ tests/plugins/rhythm/test_rhythm_m8_native_tools.py (18✓, 21.1s)
[ 33.7% |    59/~175 | ✓86 | ✗ 2] ✓ tests/plugins/rhythm/test_rhythm_m5_contract.py (41✓, 38.1s)
[ 48.0% |    84/~175 | ✓148 | ✗  2] ✓ tests/plugins/rhythm/test_rhythm_packaging_scaffold.py (62✓, 43.0s)
[ 69.1% |   121/~175 | ✓204 | ✗  2] ✓ tests/plugins/rhythm/test_rhythm_backend.py (56✓, 43.2s)
[100.0% |   175/~175 | ✓281 | ✗  2] ✓ tests/plugins/rhythm/test_rhythm_contracts.py (77✓, 61.8s)

=== Summary: 11 files, 281 tests passed, 2 failed (100% complete) in 61.8s (24 workers) ===
  Durations cached to test_durations.json (11 files)

=== Per-file subprocess time distribution ===
  Files:   11
  Total subprocess CPU-wall: 286.6s  (runner wall: 61.8s, parallelism: 24x)
  P50: 20.38s  P90: 43.19s  P95: 61.79s  P99: 61.79s  Max: 61.79s
  <1s: 0 files (0%)  <2s: 0 files (0%)
  Top 10 slowest:
     61.79s  tests/plugins/rhythm/test_rhythm_contracts.py
     43.19s  tests/plugins/rhythm/test_rhythm_backend.py
     43.04s  tests/plugins/rhythm/test_rhythm_packaging_scaffold.py
     38.09s  tests/plugins/rhythm/test_rhythm_m5_contract.py
     21.10s  tests/plugins/rhythm/test_rhythm_m8_native_tools.py
     20.38s  tests/plugins/rhythm/test_rhythm_m10_cutover.py
     15.98s  tests/plugins/rhythm/test_rhythm_issue_10_contract.py
     12.97s  tests/plugins/rhythm/test_rhythm_dashboard_theme.py
     11.47s  tests/plugins/rhythm/test_rhythm_mounted_oauth.py
      9.55s  tests/plugins/rhythm/test_rhythm_m7_contract.py

=== Failure output ===

--- tests/plugins/rhythm/test_rhythm_m10_cutover.py ---
============================= test session starts ==============================
platform darwin -- Python 3.11.15, pytest-9.1.1, pluggy-1.6.0
rootdir: /Users/ajhochhalter/Documents/hermes-rhythm-plugin
configfile: pyproject.toml
plugins: anyio-4.12.1, asyncio-1.3.0
asyncio: mode=Mode.STRICT, debug=False, asyncio_default_fixture_loop_scope=None, asyncio_default_test_loop_scope=function
collected 5 items

tests/plugins/rhythm/test_rhythm_m10_cutover.py FF...                    [100%]

=================================== FAILURES ===================================
_ test_issue_14_c1_final_fixture_cutover_exercises_every_approved_destination_and_only_three_tools _
tests/plugins/rhythm/test_rhythm_m10_cutover.py:24: in test_issue_14_c1_final_fixture_cutover_exercises_every_approved_destination_and_only_three_tools
    ledger = run_fixture_cutover(REPO_ROOT, tmp_path / "hermes-home" / "profiles" / "m10")
             ^^^^^^^^^^^^^^^^^^^^^^^^^^^^^^^^^^^^^^^^^^^^^^^^^^^^^^^^^^^^^^^^^^^^^^^^^^^^^
plugins/rhythm/packaging/cutover.py:254: in run_fixture_cutover
    validate_cutover_ledger(ledger)
plugins/rhythm/packaging/cutover.py:179: in validate_cutover_ledger
    raise CutoverError("performance budget exceeded")
E   plugins.rhythm.packaging.cutover.CutoverError: performance budget exceeded
_ test_issue_14_c2_ledger_rejects_missing_proof_secret_leaks_or_unapproved_writes _
tests/plugins/rhythm/test_rhythm_m10_cutover.py:44: in test_issue_14_c2_ledger_rejects_missing_proof_secret_leaks_or_unapproved_writes
    ledger = run_fixture_cutover(REPO_ROOT, tmp_path / "hermes-home" / "profiles" / "m10b")
             ^^^^^^^^^^^^^^^^^^^^^^^^^^^^^^^^^^^^^^^^^^^^^^^^^^^^^^^^^^^^^^^^^^^^^^^^^^^^^^
plugins/rhythm/packaging/cutover.py:254: in run_fixture_cutover
    validate_cutover_ledger(ledger)
plugins/rhythm/packaging/cutover.py:179: in validate_cutover_ledger
    raise CutoverError("performance budget exceeded")
E   plugins.rhythm.packaging.cutover.CutoverError: performance budget exceeded
=========================== short test summary info ============================
FAILED tests/plugins/rhythm/test_rhythm_m10_cutover.py::test_issue_14_c1_final_fixture_cutover_exercises_every_approved_destination_and_only_three_tools
FAILED tests/plugins/rhythm/test_rhythm_m10_cutover.py::test_issue_14_c2_ledger_rejects_missing_proof_secret_leaks_or_unapproved_writes
========================= 2 failed, 3 passed in 18.81s =========================

=== 1 file with test failures (2 tests failed) ===
  tests/plugins/rhythm/test_rhythm_m10_cutover.py  (2 tests failed)

Exit: 1
